2026-08-11 04:29:20,862 - main - INFO - === Logging system initialized ===
2026-08-11 04:29:20,862 - main - INFO - Log file: logs/app_20260811.log
2026-08-11 04:29:20,863 - main - INFO - Log level: DEBUG
2026-08-11 04:29:20,863 - main - INFO - Log date: 20260811
2026-08-11 04:29:21,203 - main - INFO - Included router: routers.aihub.router
2026-08-11 04:29:21,468 - main - INFO - Included router: routers.auth.router
2026-08-11 04:29:21,662 - main - INFO - Included router: routers.feedbacks.router
2026-08-11 04:29:21,692 - main - INFO - Included router: routers.health.router
2026-08-11 04:29:22,063 - main - INFO - Included router: routers.reports.router
2026-08-11 04:29:22,182 - main - INFO - Included router: routers.settings.router
2026-08-11 04:29:22,291 - main - INFO - Included router: routers.storage.router
2026-08-11 04:29:22,406 - main - INFO - Included router: routers.user.router
2026-08-11 04:29:22,456 - main - INFO - Included router: routers.visitor_logs.router
2026-08-11 04:29:22,458 - main - INFO - === Application startup initiated ===
2026-08-11 04:29:22,458 - services.database - INFO - Ignore database initialization
2026-08-11 04:29:22,458 - services.mock_data - INFO - Ignore initialize data
2026-08-11 04:29:22,459 - services.auth - INFO - Ignore initialize admin
2026-08-11 04:29:22,459 - main - INFO - === Application startup completed successfully ===
2026-08-11 04:39:00,593 - services.database - DEBUG - [DB_OP] Starting database close
2026-08-11 04:39:00,594 - services.database - INFO - Database connections closed
2026-08-11 04:39:00,594 - services.database - DEBUG - [DB_OP] Database close completed in 0.0011s
2026-08-11 07:53:31,922 - main - INFO - === Logging system initialized ===
2026-08-11 07:53:31,922 - main - INFO - Log file: logs/app_20260811.log
2026-08-11 07:53:31,922 - main - INFO - Log level: DEBUG
2026-08-11 07:53:31,922 - main - INFO - Log date: 20260811
2026-08-11 07:53:32,020 - main - INFO - Included router: routers.aihub.router
2026-08-11 07:53:32,060 - main - INFO - Included router: routers.auth.router
2026-08-11 07:53:32,160 - main - INFO - Included router: routers.feedbacks.router
2026-08-11 07:53:32,164 - main - INFO - Included router: routers.health.router
2026-08-11 07:53:32,202 - main - INFO - Included router: routers.reports.router
2026-08-11 07:53:32,222 - main - INFO - Included router: routers.settings.router
2026-08-11 07:53:32,255 - main - INFO - Included router: routers.storage.router
2026-08-11 07:53:32,262 - main - INFO - Included router: routers.user.router
2026-08-11 07:53:32,280 - main - INFO - Included router: routers.visitor_logs.router
2026-08-11 07:53:32,281 - main - INFO - === Application startup initiated ===
2026-08-11 07:53:32,281 - services.database - INFO - Ignore database initialization
2026-08-11 07:53:32,281 - services.mock_data - INFO - Ignore initialize data
2026-08-11 07:53:32,282 - services.auth - INFO - Ignore initialize admin
2026-08-11 07:53:32,282 - main - INFO - === Application startup completed successfully ===
2026-08-11 08:13:01,933 - services.database - DEBUG - [DB_OP] Starting database close
2026-08-11 08:13:01,933 - services.database - INFO - Database connections closed
2026-08-11 08:13:01,933 - services.database - DEBUG - [DB_OP] Database close completed in 0.0006s
2026-08-11 08:13:04,119 - main - INFO - === Logging system initialized ===
2026-08-11 08:13:04,119 - main - INFO - Log file: logs/app_20260811.log
2026-08-11 08:13:04,119 - main - INFO - Log level: DEBUG
2026-08-11 08:13:04,119 - main - INFO - Log date: 20260811
2026-08-11 08:13:04,248 - main - INFO - Included router: routers.aihub.router
2026-08-11 08:13:04,265 - main - INFO - Included router: routers.auth.router
2026-08-11 08:13:04,396 - main - INFO - Included router: routers.feedbacks.router
2026-08-11 08:13:04,398 - main - INFO - Included router: routers.health.router
2026-08-11 08:13:04,545 - main - INFO - Included router: routers.report_runs.router
2026-08-11 08:13:04,589 - main - INFO - Included router: routers.reports.router
2026-08-11 08:13:04,606 - main - INFO - Included router: routers.settings.router
2026-08-11 08:13:04,634 - main - INFO - Included router: routers.storage.router
2026-08-11 08:13:04,642 - main - INFO - Included router: routers.user.router
2026-08-11 08:13:04,666 - main - INFO - Included router: routers.visitor_logs.router
2026-08-11 08:13:04,668 - main - INFO - === Application startup initiated ===
2026-08-11 08:13:04,668 - services.database - INFO - Ignore database initialization
2026-08-11 08:13:04,669 - services.mock_data - INFO - Ignore initialize data
2026-08-11 08:13:04,669 - services.auth - INFO - Ignore initialize admin
2026-08-11 08:13:04,669 - main - INFO - === Application startup completed successfully ===
2026-08-11 08:13:08,781 - services.database - DEBUG - [DB_OP] Starting database close
2026-08-11 08:13:08,782 - services.database - INFO - Database connections closed
2026-08-11 08:13:08,782 - services.database - DEBUG - [DB_OP] Database close completed in 0.0006s
2026-08-11 08:13:10,806 - main - INFO - === Logging system initialized ===
2026-08-11 08:13:10,806 - main - INFO - Log file: logs/app_20260811.log
2026-08-11 08:13:10,807 - main - INFO - Log level: DEBUG
2026-08-11 08:13:10,807 - main - INFO - Log date: 20260811
2026-08-11 08:13:10,910 - main - INFO - Included router: routers.aihub.router
2026-08-11 08:13:10,921 - main - INFO - Included router: routers.auth.router
2026-08-11 08:13:11,067 - main - INFO - Included router: routers.feedbacks.router
2026-08-11 08:13:11,070 - main - INFO - Included router: routers.health.router
2026-08-11 08:13:11,096 - main - INFO - Included router: routers.report_runs.router
2026-08-11 08:13:11,448 - main - WARNING - Failed to import module 'routers.reports': name 'Optional' is not defined
2026-08-11 08:13:11,461 - main - INFO - Included router: routers.settings.router
2026-08-11 08:13:11,483 - main - INFO - Included router: routers.storage.router
2026-08-11 08:13:11,487 - main - INFO - Included router: routers.user.router
2026-08-11 08:13:11,508 - main - INFO - Included router: routers.visitor_logs.router
2026-08-11 08:13:11,509 - main - INFO - === Application startup initiated ===
2026-08-11 08:13:11,509 - services.database - INFO - Ignore database initialization
2026-08-11 08:13:11,509 - services.mock_data - INFO - Ignore initialize data
2026-08-11 08:13:11,509 - services.auth - INFO - Ignore initialize admin
2026-08-11 08:13:11,510 - main - INFO - === Application startup completed successfully ===
2026-08-11 08:13:14,619 - services.database - DEBUG - [DB_OP] Starting database close
2026-08-11 08:13:14,620 - services.database - INFO - Database connections closed
2026-08-11 08:13:14,620 - services.database - DEBUG - [DB_OP] Database close completed in 0.0004s
2026-08-11 08:13:16,697 - main - INFO - === Logging system initialized ===
2026-08-11 08:13:16,697 - main - INFO - Log file: logs/app_20260811.log
2026-08-11 08:13:16,697 - main - INFO - Log level: DEBUG
2026-08-11 08:13:16,698 - main - INFO - Log date: 20260811
2026-08-11 08:13:16,801 - main - INFO - Included router: routers.aihub.router
2026-08-11 08:13:16,817 - main - INFO - Included router: routers.auth.router
2026-08-11 08:13:16,921 - main - INFO - Included router: routers.feedbacks.router
2026-08-11 08:13:16,923 - main - INFO - Included router: routers.health.router
2026-08-11 08:13:16,949 - main - INFO - Included router: routers.report_runs.router
2026-08-11 08:13:16,989 - main - INFO - Included router: routers.reports.router
2026-08-11 08:13:17,000 - main - INFO - Included router: routers.settings.router
2026-08-11 08:13:17,067 - main - INFO - Included router: routers.storage.router
2026-08-11 08:13:17,072 - main - INFO - Included router: routers.user.router
2026-08-11 08:13:17,095 - main - INFO - Included router: routers.visitor_logs.router
2026-08-11 08:13:17,097 - main - INFO - === Application startup initiated ===
2026-08-11 08:13:17,097 - services.database - INFO - Ignore database initialization
2026-08-11 08:13:17,098 - services.mock_data - INFO - Ignore initialize data
2026-08-11 08:13:17,098 - services.auth - INFO - Ignore initialize admin
2026-08-11 08:13:17,098 - main - INFO - === Application startup completed successfully ===
2026-08-11 08:13:23,314 - services.database - DEBUG - [DB_OP] Starting database close
2026-08-11 08:13:23,314 - services.database - INFO - Database connections closed
2026-08-11 08:13:23,314 - services.database - DEBUG - [DB_OP] Database close completed in 0.0005s
2026-08-11 08:13:25,313 - main - INFO - === Logging system initialized ===
2026-08-11 08:13:25,314 - main - INFO - Log file: logs/app_20260811.log
2026-08-11 08:13:25,314 - main - INFO - Log level: DEBUG
2026-08-11 08:13:25,314 - main - INFO - Log date: 20260811
2026-08-11 08:13:25,413 - main - INFO - Included router: routers.aihub.router
2026-08-11 08:13:25,427 - main - INFO - Included router: routers.auth.router
2026-08-11 08:13:25,524 - main - INFO - Included router: routers.feedbacks.router
2026-08-11 08:13:25,526 - main - INFO - Included router: routers.health.router
2026-08-11 08:13:25,559 - main - INFO - Included router: routers.report_runs.router
2026-08-11 08:13:25,618 - main - INFO - Included router: routers.reports.router
2026-08-11 08:13:25,633 - main - INFO - Included router: routers.settings.router
2026-08-11 08:13:25,654 - main - INFO - Included router: routers.storage.router
2026-08-11 08:13:25,660 - main - INFO - Included router: routers.user.router
2026-08-11 08:13:25,680 - main - INFO - Included router: routers.visitor_logs.router
2026-08-11 08:13:25,682 - main - INFO - === Application startup initiated ===
2026-08-11 08:13:25,685 - services.database - INFO - Ignore database initialization
2026-08-11 08:13:25,685 - services.mock_data - INFO - Ignore initialize data
2026-08-11 08:13:25,685 - services.auth - INFO - Ignore initialize admin
2026-08-11 08:13:25,686 - main - INFO - === Application startup completed successfully ===
2026-08-11 08:13:26,589 - services.database - DEBUG - [DB_OP] Starting database close
2026-08-11 08:13:26,590 - services.database - INFO - Database connections closed
2026-08-11 08:13:26,590 - services.database - DEBUG - [DB_OP] Database close completed in 0.0006s
2026-08-11 08:13:28,594 - main - INFO - === Logging system initialized ===
2026-08-11 08:13:28,594 - main - INFO - Log file: logs/app_20260811.log
2026-08-11 08:13:28,594 - main - INFO - Log level: DEBUG
2026-08-11 08:13:28,594 - main - INFO - Log date: 20260811
2026-08-11 08:13:28,692 - main - INFO - Included router: routers.aihub.router
2026-08-11 08:13:28,711 - main - INFO - Included router: routers.auth.router
2026-08-11 08:13:28,819 - main - INFO - Included router: routers.feedbacks.router
2026-08-11 08:13:28,822 - main - INFO - Included router: routers.health.router
2026-08-11 08:13:28,850 - main - INFO - Included router: routers.report_runs.router
2026-08-11 08:13:28,891 - main - INFO - Included router: routers.reports.router
2026-08-11 08:13:28,906 - main - INFO - Included router: routers.settings.router
2026-08-11 08:13:28,927 - main - INFO - Included router: routers.storage.router
2026-08-11 08:13:28,932 - main - INFO - Included router: routers.user.router
2026-08-11 08:13:28,956 - main - INFO - Included router: routers.visitor_logs.router
2026-08-11 08:13:28,957 - main - INFO - === Application startup initiated ===
2026-08-11 08:13:28,957 - services.database - INFO - Ignore database initialization
2026-08-11 08:13:28,957 - services.mock_data - INFO - Ignore initialize data
2026-08-11 08:13:28,957 - services.auth - INFO - Ignore initialize admin
2026-08-11 08:13:28,957 - main - INFO - === Application startup completed successfully ===
2026-08-11 08:13:29,058 - services.database - DEBUG - [DB_OP] Starting database close
2026-08-11 08:13:29,059 - services.database - INFO - Database connections closed
2026-08-11 08:13:29,059 - services.database - DEBUG - [DB_OP] Database close completed in 0.0004s
2026-08-11 08:13:31,138 - main - INFO - === Logging system initialized ===
2026-08-11 08:13:31,138 - main - INFO - Log file: logs/app_20260811.log
2026-08-11 08:13:31,139 - main - INFO - Log level: DEBUG
2026-08-11 08:13:31,139 - main - INFO - Log date: 20260811
2026-08-11 08:13:31,258 - main - INFO - Included router: routers.aihub.router
2026-08-11 08:13:31,272 - main - INFO - Included router: routers.auth.router
2026-08-11 08:13:31,365 - main - INFO - Included router: routers.feedbacks.router
2026-08-11 08:13:31,367 - main - INFO - Included router: routers.health.router
2026-08-11 08:13:31,391 - main - INFO - Included router: routers.report_runs.router
2026-08-11 08:13:31,416 - main - INFO - Included router: routers.reports.router
2026-08-11 08:13:31,433 - main - INFO - Included router: routers.settings.router
2026-08-11 08:13:31,455 - main - INFO - Included router: routers.storage.router
2026-08-11 08:13:31,464 - main - INFO - Included router: routers.user.router
2026-08-11 08:13:31,484 - main - INFO - Included router: routers.visitor_logs.router
2026-08-11 08:13:31,485 - main - INFO - === Application startup initiated ===
2026-08-11 08:13:31,486 - services.database - INFO - Ignore database initialization
2026-08-11 08:13:31,486 - services.mock_data - INFO - Ignore initialize data
2026-08-11 08:13:31,486 - services.auth - INFO - Ignore initialize admin
2026-08-11 08:13:31,486 - main - INFO - === Application startup completed successfully ===
2026-08-11 08:13:33,892 - services.database - DEBUG - [DB_OP] Starting database close
2026-08-11 08:13:33,892 - services.database - INFO - Database connections closed
2026-08-11 08:13:33,893 - services.database - DEBUG - [DB_OP] Database close completed in 0.0006s
2026-08-11 08:13:35,803 - main - INFO - === Logging system initialized ===
2026-08-11 08:13:35,804 - main - INFO - Log file: logs/app_20260811.log
2026-08-11 08:13:35,804 - main - INFO - Log level: DEBUG
2026-08-11 08:13:35,804 - main - INFO - Log date: 20260811
2026-08-11 08:13:35,912 - main - INFO - Included router: routers.aihub.router
2026-08-11 08:13:35,927 - main - INFO - Included router: routers.auth.router
2026-08-11 08:13:36,063 - main - INFO - Included router: routers.feedbacks.router
2026-08-11 08:13:36,069 - main - INFO - Included router: routers.health.router
2026-08-11 08:13:36,101 - main - INFO - Included router: routers.report_runs.router
2026-08-11 08:13:36,151 - main - INFO - Included router: routers.reports.router
2026-08-11 08:13:36,168 - main - INFO - Included router: routers.settings.router
2026-08-11 08:13:36,196 - main - INFO - Included router: routers.storage.router
2026-08-11 08:13:36,203 - main - INFO - Included router: routers.user.router
2026-08-11 08:13:36,224 - main - INFO - Included router: routers.visitor_logs.router
2026-08-11 08:13:36,226 - main - INFO - === Application startup initiated ===
2026-08-11 08:13:36,226 - services.database - INFO - Ignore database initialization
2026-08-11 08:13:36,226 - services.mock_data - INFO - Ignore initialize data
2026-08-11 08:13:36,226 - services.auth - INFO - Ignore initialize admin
2026-08-11 08:13:36,226 - main - INFO - === Application startup completed successfully ===
2026-08-11 08:13:52,163 - services.database - DEBUG - [DB_OP] Starting database close
2026-08-11 08:13:52,163 - services.database - INFO - Database connections closed
2026-08-11 08:13:52,164 - services.database - DEBUG - [DB_OP] Database close completed in 0.0009s
2026-08-11 08:13:54,617 - main - INFO - === Logging system initialized ===
2026-08-11 08:13:54,617 - main - INFO - Log file: logs/app_20260811.log
2026-08-11 08:13:54,617 - main - INFO - Log level: DEBUG
2026-08-11 08:13:54,617 - main - INFO - Log date: 20260811
2026-08-11 08:13:54,722 - main - INFO - Included router: routers.aihub.router
2026-08-11 08:13:54,736 - main - INFO - Included router: routers.auth.router
2026-08-11 08:13:54,832 - main - INFO - Included router: routers.feedbacks.router
2026-08-11 08:13:54,834 - main - INFO - Included router: routers.health.router
2026-08-11 08:13:54,856 - main - INFO - Included router: routers.report_runs.router
2026-08-11 08:13:54,886 - main - INFO - Included router: routers.reports.router
2026-08-11 08:13:54,897 - main - INFO - Included router: routers.settings.router
2026-08-11 08:13:54,916 - main - INFO - Included router: routers.storage.router
2026-08-11 08:13:54,920 - main - INFO - Included router: routers.user.router
2026-08-11 08:13:54,938 - main - INFO - Included router: routers.visitor_logs.router
2026-08-11 08:13:54,939 - main - INFO - === Application startup initiated ===
2026-08-11 08:13:54,939 - services.database - INFO - Ignore database initialization
2026-08-11 08:13:54,939 - services.mock_data - INFO - Ignore initialize data
2026-08-11 08:13:54,939 - services.auth - INFO - Ignore initialize admin
2026-08-11 08:13:54,939 - main - INFO - === Application startup completed successfully ===
2026-08-11 08:14:52,831 - core.database - DEBUG - [DB_OP] Starting get_db session creation
2026-08-11 08:14:52,831 - core.database - WARNING - Database session maker not available, attempting lazy initialization...
2026-08-11 08:14:52,831 - core.database - WARNING - Database not initialized, attempting lazy initialization...
2026-08-11 08:14:52,831 - core.database - INFO - Starting database initialization...
2026-08-11 08:14:52,832 - core.config - DEBUG - Read dynamic attribute database_url from environment variable DATABASE_URL
2026-08-11 08:14:52,832 - core.database - INFO - Normalizing database URL for async compatibility...
2026-08-11 08:14:52,832 - core.database - INFO - Creating async database engine...
2026-08-11 08:14:52,833 - core.database - INFO - Using QueuePool with connection pooling for non-Lambda environment
2026-08-11 08:14:52,833 - core.database - INFO - Database engine created successfully
2026-08-11 08:14:52,834 - core.database - INFO - Creating async session maker...
2026-08-11 08:14:52,834 - core.database - INFO - Async session maker created successfully
2026-08-11 08:14:52,834 - core.database - INFO - Database connection initialized successfully
2026-08-11 08:14:52,834 - core.database - DEBUG - [DB_OP] Starting create_tables
2026-08-11 08:14:52,834 - core.database - INFO - 🔧 Starting table creation...
2026-08-11 08:14:52,840 - core.database - DEBUG - [DB_OP] Starting get_db session creation
2026-08-11 08:14:52,841 - core.database - DEBUG - [DB_OP] Database session created successfully in 0.0005s
2026-08-11 08:14:54,347 - core.database - INFO - Tables initialized successfully
2026-08-11 08:14:54,347 - core.database - DEBUG - [DB_OP] Create tables completed in 1.5131s
2026-08-11 08:14:54,410 - core.database - INFO - Lazy database initialization completed successfully
2026-08-11 08:14:54,410 - core.database - DEBUG - [DB_OP] Database session created successfully in 1.5796s
2026-08-11 08:14:54,755 - services.weekly_report - INFO - No data to report this week
2026-08-11 08:14:54,952 - core.database - DEBUG - [DB_OP] Database session cleanup after 2.1114s
2026-08-11 08:14:55,297 - services.visitor_logs - INFO - Created visitor_logs with id: 1
2026-08-11 08:14:55,297 - core.database - DEBUG - [DB_OP] Database session cleanup after 2.4665s
2026-08-11 08:15:31,837 - core.database - DEBUG - [DB_OP] Starting get_db session creation
2026-08-11 08:15:31,838 - core.database - DEBUG - [DB_OP] Database session created successfully in 0.0005s
2026-08-11 08:15:31,839 - core.database - DEBUG - [DB_OP] Starting get_db session creation
2026-08-11 08:15:31,839 - core.database - DEBUG - [DB_OP] Database session created successfully in 0.0002s
2026-08-11 08:15:32,350 - core.database - DEBUG - [DB_OP] Database session cleanup after 0.5113s
2026-08-11 08:15:32,687 - services.visitor_logs - INFO - Created visitor_logs with id: 2
2026-08-11 08:15:32,688 - core.database - DEBUG - [DB_OP] Database session cleanup after 0.8510s
2026-08-11 08:16:09,957 - services.database - DEBUG - [DB_OP] Starting database close
2026-08-11 08:16:10,091 - core.database - INFO - Database connection closed and engine disposed
2026-08-11 08:16:10,092 - services.database - INFO - Database connections closed
2026-08-11 08:16:10,092 - services.database - DEBUG - [DB_OP] Database close completed in 0.1350s
2026-08-11 08:16:25,925 - main - INFO - === Logging system initialized ===
2026-08-11 08:16:25,926 - main - INFO - Log file: logs/app_20260811.log
2026-08-11 08:16:25,926 - main - INFO - Log level: DEBUG
2026-08-11 08:16:25,926 - main - INFO - Log date: 20260811
2026-08-11 08:16:26,033 - main - INFO - Included router: routers.aihub.router
2026-08-11 08:16:26,062 - main - INFO - Included router: routers.auth.router
2026-08-11 08:16:26,161 - main - INFO - Included router: routers.feedbacks.router
2026-08-11 08:16:26,163 - main - INFO - Included router: routers.health.router
2026-08-11 08:16:26,185 - main - INFO - Included router: routers.report_runs.router
2026-08-11 08:16:26,210 - main - INFO - Included router: routers.reports.router
2026-08-11 08:16:26,221 - main - INFO - Included router: routers.settings.router
2026-08-11 08:16:26,240 - main - INFO - Included router: routers.storage.router
2026-08-11 08:16:26,245 - main - INFO - Included router: routers.user.router
2026-08-11 08:16:26,262 - main - INFO - Included router: routers.visitor_logs.router
2026-08-11 08:16:26,263 - main - INFO - === Application startup initiated ===
2026-08-11 08:16:26,263 - services.database - INFO - Ignore database initialization
2026-08-11 08:16:26,263 - services.mock_data - INFO - Ignore initialize data
2026-08-11 08:16:26,263 - services.auth - INFO - Ignore initialize admin
2026-08-11 08:16:26,263 - main - INFO - === Application startup completed successfully ===
2026-08-11 08:16:39,713 - services.database - DEBUG - [DB_OP] Starting database close
2026-08-11 08:16:39,713 - services.database - INFO - Database connections closed
2026-08-11 08:16:39,713 - services.database - DEBUG - [DB_OP] Database close completed in 0.0005s
2026-08-11 08:16:55,510 - main - INFO - === Logging system initialized ===
2026-08-11 08:16:55,510 - main - INFO - Log file: logs/app_20260811.log
2026-08-11 08:16:55,510 - main - INFO - Log level: DEBUG
2026-08-11 08:16:55,510 - main - INFO - Log date: 20260811
2026-08-11 08:16:55,619 - main - INFO - Included router: routers.aihub.router
2026-08-11 08:16:55,633 - main - INFO - Included router: routers.auth.router
2026-08-11 08:16:55,726 - main - INFO - Included router: routers.feedbacks.router
2026-08-11 08:16:55,728 - main - INFO - Included router: routers.health.router
2026-08-11 08:16:55,755 - main - INFO - Included router: routers.report_runs.router
2026-08-11 08:16:55,780 - main - INFO - Included router: routers.reports.router
2026-08-11 08:16:55,791 - main - INFO - Included router: routers.settings.router
2026-08-11 08:16:55,810 - main - INFO - Included router: routers.storage.router
2026-08-11 08:16:55,815 - main - INFO - Included router: routers.user.router
2026-08-11 08:16:55,836 - main - INFO - Included router: routers.visitor_logs.router
2026-08-11 08:16:55,838 - main - INFO - === Application startup initiated ===
2026-08-11 08:16:55,838 - services.database - INFO - Ignore database initialization
2026-08-11 08:16:55,838 - services.mock_data - INFO - Ignore initialize data
2026-08-11 08:16:55,838 - services.auth - INFO - Ignore initialize admin
2026-08-11 08:16:55,838 - main - INFO - === Application startup completed successfully ===
2026-08-11 08:16:56,440 - services.database - DEBUG - [DB_OP] Starting database close
2026-08-11 08:16:56,441 - services.database - INFO - Database connections closed
2026-08-11 08:16:56,441 - services.database - DEBUG - [DB_OP] Database close completed in 0.0007s
2026-08-11 08:18:25,842 - main - INFO - === Logging system initialized ===
2026-08-11 08:18:25,843 - main - INFO - Log file: logs/app_20260811.log
2026-08-11 08:18:25,843 - main - INFO - Log level: DEBUG
2026-08-11 08:18:25,843 - main - INFO - Log date: 20260811
2026-08-11 08:18:25,938 - main - INFO - Included router: routers.aihub.router
2026-08-11 08:18:25,954 - main - INFO - Included router: routers.auth.router
2026-08-11 08:18:26,063 - main - INFO - Included router: routers.feedbacks.router
2026-08-11 08:18:26,066 - main - INFO - Included router: routers.health.router
2026-08-11 08:18:26,090 - main - INFO - Included router: routers.report_runs.router
2026-08-11 08:18:26,119 - main - INFO - Included router: routers.reports.router
2026-08-11 08:18:26,133 - main - INFO - Included router: routers.settings.router
2026-08-11 08:18:26,155 - main - INFO - Included router: routers.storage.router
2026-08-11 08:18:26,160 - main - INFO - Included router: routers.user.router
2026-08-11 08:18:26,180 - main - INFO - Included router: routers.visitor_logs.router
2026-08-11 08:18:26,182 - main - INFO - === Application startup initiated ===
2026-08-11 08:18:26,182 - services.database - INFO - Ignore database initialization
2026-08-11 08:18:26,182 - services.mock_data - INFO - Ignore initialize data
2026-08-11 08:18:26,182 - services.auth - INFO - Ignore initialize admin
2026-08-11 08:18:26,182 - main - INFO - === Application startup completed successfully ===
2026-08-11 08:27:22,081 - core.database - DEBUG - [DB_OP] Starting get_db session creation
2026-08-11 08:27:22,082 - core.database - WARNING - Database session maker not available, attempting lazy initialization...
2026-08-11 08:27:22,082 - core.database - WARNING - Database not initialized, attempting lazy initialization...
2026-08-11 08:27:22,082 - core.database - INFO - Starting database initialization...
2026-08-11 08:27:22,082 - core.config - DEBUG - Read dynamic attribute database_url from environment variable DATABASE_URL
2026-08-11 08:27:22,083 - core.database - INFO - Normalizing database URL for async compatibility...
2026-08-11 08:27:22,084 - core.database - INFO - Creating async database engine...
2026-08-11 08:27:22,084 - core.database - INFO - Using QueuePool with connection pooling for non-Lambda environment
2026-08-11 08:27:22,085 - core.database - INFO - Database engine created successfully
2026-08-11 08:27:22,085 - core.database - INFO - Creating async session maker...
2026-08-11 08:27:22,085 - core.database - INFO - Async session maker created successfully
2026-08-11 08:27:22,085 - core.database - INFO - Database connection initialized successfully
2026-08-11 08:27:22,085 - core.database - DEBUG - [DB_OP] Starting create_tables
2026-08-11 08:27:22,085 - core.database - INFO - 🔧 Starting table creation...
2026-08-11 08:27:22,092 - core.database - DEBUG - [DB_OP] Starting get_db session creation
2026-08-11 08:27:22,092 - core.database - DEBUG - [DB_OP] Database session created successfully in 0.0003s
2026-08-11 08:27:23,444 - core.database - DEBUG - [DB_OP] Database session cleanup after 1.3519s
2026-08-11 08:27:23,627 - core.database - INFO - Tables initialized successfully
2026-08-11 08:27:23,628 - core.database - DEBUG - [DB_OP] Create tables completed in 1.5434s
2026-08-11 08:27:23,693 - core.database - INFO - Lazy database initialization completed successfully
2026-08-11 08:27:23,694 - core.database - DEBUG - [DB_OP] Database session created successfully in 1.6121s
2026-08-11 08:27:24,671 - services.visitor_logs - INFO - Created visitor_logs with id: 3
2026-08-11 08:27:24,672 - core.database - DEBUG - [DB_OP] Database session cleanup after 2.5905s
2026-08-11 08:32:40,173 - core.database - DEBUG - [DB_OP] Starting get_db session creation
2026-08-11 08:32:40,173 - core.database - DEBUG - [DB_OP] Database session created successfully in 0.0003s
2026-08-11 08:32:40,174 - routers.auth - INFO - [token/exchange] Received platform token exchange request
2026-08-11 08:32:40,174 - core.config - DEBUG - Read dynamic attribute oidc_issuer_url from environment variable OIDC_ISSUER_URL
2026-08-11 08:32:40,174 - routers.auth - DEBUG - [token/exchange] Verifying token with issuer: https://auth.atoms.dev/api/v1/oidc/platform/tokens/verify
2026-08-11 08:32:40,468 - httpcore.connection - DEBUG - connect_tcp.started host='auth.atoms.dev' port=443 local_address=None timeout=5.0 socket_options=None
2026-08-11 08:32:40,504 - httpcore.connection - DEBUG - connect_tcp.complete return_value=<httpcore._backends.anyio.AnyIOStream object at 0x7f0604c31600>
2026-08-11 08:32:40,504 - httpcore.connection - DEBUG - start_tls.started ssl_context=<ssl.SSLContext object at 0x7f06077ba3c0> server_hostname='auth.atoms.dev' timeout=5.0
2026-08-11 08:32:40,539 - httpcore.connection - DEBUG - start_tls.complete return_value=<httpcore._backends.anyio.AnyIOStream object at 0x7f060a1a6b00>
2026-08-11 08:32:40,540 - httpcore.http11 - DEBUG - send_request_headers.started request=<Request [b'POST']>
2026-08-11 08:32:40,540 - httpcore.http11 - DEBUG - send_request_headers.complete
2026-08-11 08:32:40,540 - httpcore.http11 - DEBUG - send_request_body.started request=<Request [b'POST']>
2026-08-11 08:32:40,541 - httpcore.http11 - DEBUG - send_request_body.complete
2026-08-11 08:32:40,541 - httpcore.http11 - DEBUG - receive_response_headers.started request=<Request [b'POST']>
2026-08-11 08:32:40,603 - core.database - DEBUG - [DB_OP] Starting get_db session creation
2026-08-11 08:32:40,603 - core.database - DEBUG - [DB_OP] Database session created successfully in 0.0005s
2026-08-11 08:32:40,605 - core.database - DEBUG - [DB_OP] Starting get_db session creation
2026-08-11 08:32:40,605 - core.database - DEBUG - [DB_OP] Database session created successfully in 0.0002s
2026-08-11 08:32:40,628 - httpcore.http11 - DEBUG - receive_response_headers.complete return_value=(b'HTTP/1.1', 200, b'OK', [(b'Date', b'Tue, 11 Aug 2026 15:32:40 GMT'), (b'Content-Type', b'application/json'), (b'Transfer-Encoding', b'chunked'), (b'Connection', b'keep-alive'), (b'CF-Ray', b'a2984b5988a856fd-LAX'), (b'CF-Cache-Status', b'DYNAMIC'), (b'Server', b'cloudflare'), (b'x-mgx-request-id', b'a2c1b6c24df82f820bcd244b3401d9cb'), (b'x-request-id', b'a2c1b6c24df82f820bcd244b3401d9cb'), (b'x-response-time', b'0.002s'), (b'Content-Encoding', b'gzip')])
2026-08-11 08:32:40,629 - httpx - INFO - HTTP Request: POST https://auth.atoms.dev/api/v1/oidc/platform/tokens/verify "HTTP/1.1 200 OK"
2026-08-11 08:32:40,629 - httpcore.http11 - DEBUG - receive_response_body.started request=<Request [b'POST']>
2026-08-11 08:32:40,630 - httpcore.http11 - DEBUG - receive_response_body.complete
2026-08-11 08:32:40,630 - httpcore.http11 - DEBUG - response_closed.started
2026-08-11 08:32:40,630 - httpcore.http11 - DEBUG - response_closed.complete
2026-08-11 08:32:40,630 - httpcore.connection - DEBUG - close.started
2026-08-11 08:32:40,631 - httpcore.connection - DEBUG - close.complete
2026-08-11 08:32:40,631 - routers.auth - DEBUG - [token/exchange] Issuer response status: 200
2026-08-11 08:32:40,631 - routers.auth - DEBUG - [token/exchange] Issuer response body: {'success': True, 'data': {'email': 'arash.zade.ipad@gmail.com', 'exp': 1789045871, 'iat': 1786453871, 'pv': 1, 'user_id': 1516617}, 'message': 'Platform token verified', 'code': 0, 'timestamp': '2026-08-11T23:32:40.614963'}
2026-08-11 08:32:40,631 - routers.auth - INFO - [token/exchange] Token verified, platform_user_id=1516617, email=arash.zade.ipad@gmail.com
2026-08-11 08:32:40,631 - core.config - DEBUG - Read dynamic attribute admin_user_id from environment variable ADMIN_USER_ID
2026-08-11 08:32:40,631 - routers.auth - INFO - [token/exchange] User verified: platform_user_id=1516617, role=admin
2026-08-11 08:32:40,632 - routers.auth - DEBUG - [token/exchange] User object for token issuance: id=1516617, email=arash.zade.ipad@gmail.com, role=admin
2026-08-11 08:32:40,632 - core.config - DEBUG - Read dynamic attribute jwt_expire_minutes from environment variable JWT_EXPIRE_MINUTES
2026-08-11 08:32:40,632 - core.config - DEBUG - Read dynamic attribute jwt_secret_key from environment variable JWT_SECRET_KEY
2026-08-11 08:32:40,632 - core.config - DEBUG - Read dynamic attribute jwt_algorithm from environment variable JWT_ALGORITHM
2026-08-11 08:32:40,638 - core.auth - DEBUG - Authentication token created for user hash: 06f0fded
2026-08-11 08:32:40,639 - routers.auth - INFO - [token/exchange] Token issued successfully for user_id=1516617, expires_at=2026-09-10 15:32:40.632378+00:00
2026-08-11 08:32:40,639 - core.database - DEBUG - [DB_OP] Database session cleanup after 0.4662s
2026-08-11 08:32:41,186 - core.database - DEBUG - [DB_OP] Database session cleanup after 0.5810s
2026-08-11 08:32:41,491 - services.visitor_logs - INFO - Created visitor_logs with id: 6
2026-08-11 08:32:41,492 - core.database - DEBUG - [DB_OP] Database session cleanup after 0.8889s
2026-08-11 08:32:43,690 - core.database - DEBUG - [DB_OP] Starting get_db session creation
2026-08-11 08:32:43,690 - core.database - DEBUG - [DB_OP] Database session created successfully in 0.0007s
2026-08-11 08:32:43,692 - core.database - DEBUG - [DB_OP] Starting get_db session creation
2026-08-11 08:32:43,693 - core.database - DEBUG - [DB_OP] Database session created successfully in 0.0002s
2026-08-11 08:32:44,076 - core.database - DEBUG - [DB_OP] Database session cleanup after 0.3868s
2026-08-11 08:32:44,396 - services.visitor_logs - INFO - Created visitor_logs with id: 8
2026-08-11 08:32:44,396 - core.database - DEBUG - [DB_OP] Database session cleanup after 0.7040s
2026-08-11 08:57:11,931 - core.database - DEBUG - [DB_OP] Starting get_db session creation
2026-08-11 08:57:11,932 - core.database - DEBUG - [DB_OP] Database session created successfully in 0.0005s
2026-08-11 08:57:11,933 - core.database - DEBUG - [DB_OP] Starting get_db session creation
2026-08-11 08:57:11,933 - core.database - DEBUG - [DB_OP] Database session created successfully in 0.0002s
2026-08-11 08:57:13,209 - core.database - DEBUG - [DB_OP] Database session cleanup after 1.2753s
2026-08-11 08:57:13,622 - services.visitor_logs - INFO - Created visitor_logs with id: 10
2026-08-11 08:57:13,623 - core.database - DEBUG - [DB_OP] Database session cleanup after 1.6915s
2026-08-11 08:57:53,425 - core.database - DEBUG - [DB_OP] Starting get_db session creation
2026-08-11 08:57:53,426 - core.database - DEBUG - [DB_OP] Database session created successfully in 0.0006s
2026-08-11 08:57:53,427 - core.database - DEBUG - [DB_OP] Starting get_db session creation
2026-08-11 08:57:53,427 - core.database - DEBUG - [DB_OP] Database session created successfully in 0.0002s
2026-08-11 08:57:53,881 - core.database - DEBUG - [DB_OP] Database session cleanup after 0.4538s
2026-08-11 08:57:54,259 - services.visitor_logs - INFO - Created visitor_logs with id: 11
2026-08-11 08:57:54,260 - core.database - DEBUG - [DB_OP] Database session cleanup after 0.8348s
2026-08-11 08:58:00,472 - core.database - DEBUG - [DB_OP] Starting get_db session creation
2026-08-11 08:58:00,472 - core.database - DEBUG - [DB_OP] Database session created successfully in 0.0005s
2026-08-11 08:58:00,474 - core.database - DEBUG - [DB_OP] Starting get_db session creation
2026-08-11 08:58:00,474 - core.database - DEBUG - [DB_OP] Database session created successfully in 0.0002s
2026-08-11 08:58:00,864 - core.database - DEBUG - [DB_OP] Database session cleanup after 0.3898s
2026-08-11 08:58:01,231 - services.visitor_logs - INFO - Created visitor_logs with id: 13
2026-08-11 08:58:01,232 - core.database - DEBUG - [DB_OP] Database session cleanup after 0.7598s
2026-08-11 08:58:32,460 - services.database - DEBUG - [DB_OP] Starting database close
2026-08-11 08:58:32,592 - core.database - INFO - Database connection closed and engine disposed
2026-08-11 08:58:32,593 - services.database - INFO - Database connections closed
2026-08-11 08:58:32,593 - services.database - DEBUG - [DB_OP] Database close completed in 0.1327s
2026-08-11 08:58:48,997 - main - INFO - === Logging system initialized ===
2026-08-11 08:58:48,997 - main - INFO - Log file: logs/app_20260811.log
2026-08-11 08:58:48,997 - main - INFO - Log level: DEBUG
2026-08-11 08:58:48,997 - main - INFO - Log date: 20260811
2026-08-11 08:58:49,142 - main - INFO - Included router: routers.aihub.router
2026-08-11 08:58:49,158 - main - INFO - Included router: routers.auth.router
2026-08-11 08:58:49,253 - main - INFO - Included router: routers.feedbacks.router
2026-08-11 08:58:49,255 - main - INFO - Included router: routers.health.router
2026-08-11 08:58:49,286 - main - INFO - Included router: routers.report_runs.router
2026-08-11 08:58:49,314 - main - INFO - Included router: routers.reports.router
2026-08-11 08:58:49,325 - main - INFO - Included router: routers.settings.router
2026-08-11 08:58:49,345 - main - INFO - Included router: routers.storage.router
2026-08-11 08:58:49,350 - main - INFO - Included router: routers.user.router
2026-08-11 08:58:49,370 - main - INFO - Included router: routers.visitor_logs.router
2026-08-11 08:58:49,371 - main - INFO - === Application startup initiated ===
2026-08-11 08:58:49,372 - services.database - INFO - Ignore database initialization
2026-08-11 08:58:49,372 - services.mock_data - INFO - Ignore initialize data
2026-08-11 08:58:49,372 - services.auth - INFO - Ignore initialize admin
2026-08-11 08:58:49,372 - main - INFO - === Application startup completed successfully ===
2026-08-11 08:59:21,656 - services.database - DEBUG - [DB_OP] Starting database close
2026-08-11 08:59:21,657 - services.database - INFO - Database connections closed
2026-08-11 08:59:21,657 - services.database - DEBUG - [DB_OP] Database close completed in 0.0006s
2026-08-11 08:59:37,931 - main - INFO - === Logging system initialized ===
2026-08-11 08:59:37,931 - main - INFO - Log file: logs/app_20260811.log
2026-08-11 08:59:37,932 - main - INFO - Log level: DEBUG
2026-08-11 08:59:37,932 - main - INFO - Log date: 20260811
2026-08-11 08:59:38,069 - main - INFO - Included router: routers.aihub.router
2026-08-11 08:59:38,082 - main - INFO - Included router: routers.auth.router
2026-08-11 08:59:38,180 - main - INFO - Included router: routers.feedbacks.router
2026-08-11 08:59:38,182 - main - INFO - Included router: routers.health.router
2026-08-11 08:59:38,216 - main - INFO - Included router: routers.report_runs.router
2026-08-11 08:59:38,252 - main - INFO - Included router: routers.reports.router
2026-08-11 08:59:38,269 - main - INFO - Included router: routers.settings.router
2026-08-11 08:59:38,297 - main - INFO - Included router: routers.storage.router
2026-08-11 08:59:38,305 - main - INFO - Included router: routers.user.router
2026-08-11 08:59:38,329 - main - INFO - Included router: routers.visitor_logs.router
2026-08-11 08:59:38,330 - main - INFO - === Application startup initiated ===
2026-08-11 08:59:38,330 - services.database - INFO - Ignore database initialization
2026-08-11 08:59:38,330 - services.mock_data - INFO - Ignore initialize data
2026-08-11 08:59:38,330 - services.auth - INFO - Ignore initialize admin
2026-08-11 08:59:38,330 - main - INFO - === Application startup completed successfully ===
2026-08-11 08:59:38,918 - services.database - DEBUG - [DB_OP] Starting database close
2026-08-11 08:59:38,919 - services.database - INFO - Database connections closed
2026-08-11 08:59:38,919 - services.database - DEBUG - [DB_OP] Database close completed in 0.0005s
2026-08-11 09:00:01,482 - main - INFO - === Logging system initialized ===
2026-08-11 09:00:01,482 - main - INFO - Log file: logs/app_20260811.log
2026-08-11 09:00:01,482 - main - INFO - Log level: DEBUG
2026-08-11 09:00:01,483 - main - INFO - Log date: 20260811
2026-08-11 09:00:01,592 - main - INFO - Included router: routers.aihub.router
2026-08-11 09:00:01,618 - main - INFO - Included router: routers.auth.router
2026-08-11 09:00:01,715 - main - INFO - Included router: routers.feedbacks.router
2026-08-11 09:00:01,719 - main - INFO - Included router: routers.health.router
2026-08-11 09:00:01,749 - main - INFO - Included router: routers.report_runs.router
2026-08-11 09:00:01,782 - main - INFO - Included router: routers.reports.router
2026-08-11 09:00:01,802 - main - INFO - Included router: routers.settings.router
2026-08-11 09:00:01,832 - main - INFO - Included router: routers.storage.router
2026-08-11 09:00:01,838 - main - INFO - Included router: routers.user.router
2026-08-11 09:00:01,861 - main - INFO - Included router: routers.visitor_logs.router
2026-08-11 09:00:01,863 - main - INFO - === Application startup initiated ===
2026-08-11 09:00:01,863 - services.database - INFO - Ignore database initialization
2026-08-11 09:00:01,863 - services.mock_data - INFO - Ignore initialize data
2026-08-11 09:00:01,863 - services.auth - INFO - Ignore initialize admin
2026-08-11 09:00:01,863 - main - INFO - === Application startup completed successfully ===
2026-08-11 09:00:58,555 - core.database - DEBUG - [DB_OP] Starting get_db session creation
2026-08-11 09:00:58,555 - core.database - WARNING - Database session maker not available, attempting lazy initialization...
2026-08-11 09:00:58,556 - core.database - WARNING - Database not initialized, attempting lazy initialization...
2026-08-11 09:00:58,556 - core.database - INFO - Starting database initialization...
2026-08-11 09:00:58,556 - core.config - DEBUG - Read dynamic attribute database_url from environment variable DATABASE_URL
2026-08-11 09:00:58,556 - core.database - INFO - Normalizing database URL for async compatibility...
2026-08-11 09:00:58,557 - core.database - INFO - Creating async database engine...
2026-08-11 09:00:58,558 - core.database - INFO - Using QueuePool with connection pooling for non-Lambda environment
2026-08-11 09:00:58,559 - core.database - INFO - Database engine created successfully
2026-08-11 09:00:58,559 - core.database - INFO - Creating async session maker...
2026-08-11 09:00:58,559 - core.database - INFO - Async session maker created successfully
2026-08-11 09:00:58,559 - core.database - INFO - Database connection initialized successfully
2026-08-11 09:00:58,559 - core.database - DEBUG - [DB_OP] Starting create_tables
2026-08-11 09:00:58,559 - core.database - INFO - 🔧 Starting table creation...
2026-08-11 09:00:58,570 - core.database - DEBUG - [DB_OP] Starting get_db session creation
2026-08-11 09:00:58,570 - core.database - DEBUG - [DB_OP] Database session created successfully in 0.0005s
2026-08-11 09:00:59,903 - core.database - DEBUG - [DB_OP] Database session cleanup after 1.3336s
2026-08-11 09:01:00,128 - core.database - INFO - Tables initialized successfully
2026-08-11 09:01:00,129 - core.database - DEBUG - [DB_OP] Create tables completed in 1.5697s
2026-08-11 09:01:00,194 - core.database - INFO - Lazy database initialization completed successfully
2026-08-11 09:01:00,194 - core.database - DEBUG - [DB_OP] Database session created successfully in 1.6391s
2026-08-11 09:01:01,411 - services.visitor_logs - INFO - Created visitor_logs with id: 14
2026-08-11 09:01:01,412 - core.database - DEBUG - [DB_OP] Database session cleanup after 2.8566s
2026-08-11 09:01:07,839 - core.database - DEBUG - [DB_OP] Starting get_db session creation
2026-08-11 09:01:07,839 - core.database - DEBUG - [DB_OP] Database session created successfully in 0.0005s
2026-08-11 09:01:07,841 - core.database - DEBUG - [DB_OP] Starting get_db session creation
2026-08-11 09:01:07,841 - core.database - DEBUG - [DB_OP] Database session created successfully in 0.0001s
2026-08-11 09:01:08,288 - core.database - DEBUG - [DB_OP] Database session cleanup after 0.4473s
2026-08-11 09:01:08,616 - services.visitor_logs - INFO - Created visitor_logs with id: 15
2026-08-11 09:01:08,616 - core.database - DEBUG - [DB_OP] Database session cleanup after 0.7777s
2026-08-11 09:01:20,584 - core.database - DEBUG - [DB_OP] Starting get_db session creation
2026-08-11 09:01:20,585 - core.database - DEBUG - [DB_OP] Database session created successfully in 0.0005s
2026-08-11 09:01:20,587 - core.database - DEBUG - [DB_OP] Starting get_db session creation
2026-08-11 09:01:20,588 - core.database - DEBUG - [DB_OP] Database session created successfully in 0.0005s
2026-08-11 09:01:20,991 - core.database - DEBUG - [DB_OP] Database session cleanup after 0.4069s
2026-08-11 09:01:21,290 - services.visitor_logs - INFO - Created visitor_logs with id: 16
2026-08-11 09:01:21,290 - core.database - DEBUG - [DB_OP] Database session cleanup after 0.7030s
2026-08-11 09:02:57,290 - core.database - DEBUG - [DB_OP] Starting get_db session creation
2026-08-11 09:02:57,290 - core.database - DEBUG - [DB_OP] Database session created successfully in 0.0005s
2026-08-11 09:02:57,294 - core.database - DEBUG - [DB_OP] Starting get_db session creation
2026-08-11 09:02:57,294 - core.database - DEBUG - [DB_OP] Database session created successfully in 0.0003s
2026-08-11 09:02:57,677 - core.database - DEBUG - [DB_OP] Database session cleanup after 0.3828s
2026-08-11 09:02:58,063 - services.visitor_logs - INFO - Created visitor_logs with id: 17
2026-08-11 09:02:58,064 - core.database - DEBUG - [DB_OP] Database session cleanup after 0.7738s
2026-08-11 09:03:22,287 - core.database - DEBUG - [DB_OP] Starting get_db session creation
2026-08-11 09:03:22,287 - core.database - DEBUG - [DB_OP] Database session created successfully in 0.0007s
2026-08-11 09:03:22,289 - core.database - DEBUG - [DB_OP] Starting get_db session creation
2026-08-11 09:03:22,289 - core.database - DEBUG - [DB_OP] Database session created successfully in 0.0005s
2026-08-11 09:03:22,673 - core.database - DEBUG - [DB_OP] Database session cleanup after 0.3840s
2026-08-11 09:03:22,990 - services.visitor_logs - INFO - Created visitor_logs with id: 18
2026-08-11 09:03:22,991 - core.database - DEBUG - [DB_OP] Database session cleanup after 0.7043s
2026-08-11 09:03:56,319 - core.database - DEBUG - [DB_OP] Starting get_db session creation
2026-08-11 09:03:56,319 - core.database - DEBUG - [DB_OP] Database session created successfully in 0.0004s
2026-08-11 09:03:56,320 - core.database - DEBUG - [DB_OP] Starting get_db session creation
2026-08-11 09:03:56,320 - core.database - DEBUG - [DB_OP] Database session created successfully in 0.0002s
2026-08-11 09:03:56,704 - core.database - DEBUG - [DB_OP] Database session cleanup after 0.3840s
2026-08-11 09:03:57,022 - services.visitor_logs - INFO - Created visitor_logs with id: 19
2026-08-11 09:03:57,023 - core.database - DEBUG - [DB_OP] Database session cleanup after 0.7043s
2026-08-11 09:03:57,838 - core.database - DEBUG - [DB_OP] Starting get_db session creation
2026-08-11 09:03:57,838 - core.database - DEBUG - [DB_OP] Database session created successfully in 0.0005s
2026-08-11 09:03:57,839 - core.database - DEBUG - [DB_OP] Starting get_db session creation
2026-08-11 09:03:57,839 - core.database - DEBUG - [DB_OP] Database session created successfully in 0.0001s
2026-08-11 09:03:58,228 - core.database - DEBUG - [DB_OP] Database session cleanup after 0.3890s
2026-08-11 09:03:58,548 - services.visitor_logs - INFO - Created visitor_logs with id: 20
2026-08-11 09:03:58,549 - core.database - DEBUG - [DB_OP] Database session cleanup after 0.7110s
2026-08-11 09:05:10,361 - services.database - DEBUG - [DB_OP] Starting database close
2026-08-11 09:05:10,493 - core.database - INFO - Database connection closed and engine disposed
2026-08-11 09:05:10,494 - services.database - INFO - Database connections closed
2026-08-11 09:05:10,495 - services.database - DEBUG - [DB_OP] Database close completed in 0.1339s
2026-08-11 09:05:26,343 - main - INFO - === Logging system initialized ===
2026-08-11 09:05:26,343 - main - INFO - Log file: logs/app_20260811.log
2026-08-11 09:05:26,343 - main - INFO - Log level: DEBUG
2026-08-11 09:05:26,343 - main - INFO - Log date: 20260811
2026-08-11 09:05:26,457 - main - INFO - Included router: routers.aihub.router
2026-08-11 09:05:26,470 - main - INFO - Included router: routers.auth.router
2026-08-11 09:05:26,580 - main - INFO - Included router: routers.feedbacks.router
2026-08-11 09:05:26,582 - main - INFO - Included router: routers.health.router
2026-08-11 09:05:26,611 - main - INFO - Included router: routers.report_runs.router
2026-08-11 09:05:26,651 - main - INFO - Included router: routers.reports.router
2026-08-11 09:05:26,665 - main - INFO - Included router: routers.settings.router
2026-08-11 09:05:26,689 - main - INFO - Included router: routers.storage.router
2026-08-11 09:05:26,694 - main - INFO - Included router: routers.user.router
2026-08-11 09:05:26,713 - main - INFO - Included router: routers.visitor_logs.router
2026-08-11 09:05:26,714 - main - INFO - === Application startup initiated ===
2026-08-11 09:05:26,714 - services.database - INFO - Ignore database initialization
2026-08-11 09:05:26,715 - services.mock_data - INFO - Ignore initialize data
2026-08-11 09:05:26,715 - services.auth - INFO - Ignore initialize admin
2026-08-11 09:05:26,715 - main - INFO - === Application startup completed successfully ===
2026-08-11 09:05:28,155 - services.database - DEBUG - [DB_OP] Starting database close
2026-08-11 09:05:28,155 - services.database - INFO - Database connections closed
2026-08-11 09:05:28,155 - services.database - DEBUG - [DB_OP] Database close completed in 0.0007s
2026-08-11 09:05:52,160 - main - INFO - === Logging system initialized ===
2026-08-11 09:05:52,160 - main - INFO - Log file: logs/app_20260811.log
2026-08-11 09:05:52,160 - main - INFO - Log level: DEBUG
2026-08-11 09:05:52,161 - main - INFO - Log date: 20260811
2026-08-11 09:05:52,258 - main - INFO - Included router: routers.aihub.router
2026-08-11 09:05:52,270 - main - INFO - Included router: routers.auth.router
2026-08-11 09:05:52,367 - main - INFO - Included router: routers.feedbacks.router
2026-08-11 09:05:52,369 - main - INFO - Included router: routers.health.router
2026-08-11 09:05:52,399 - main - INFO - Included router: routers.report_runs.router
2026-08-11 09:05:52,432 - main - INFO - Included router: routers.reports.router
2026-08-11 09:05:52,443 - main - INFO - Included router: routers.settings.router
2026-08-11 09:05:52,467 - main - INFO - Included router: routers.storage.router
2026-08-11 09:05:52,474 - main - INFO - Included router: routers.user.router
2026-08-11 09:05:52,493 - main - INFO - Included router: routers.visitor_logs.router
2026-08-11 09:05:52,495 - main - INFO - === Application startup initiated ===
2026-08-11 09:05:52,495 - services.database - INFO - Ignore database initialization
2026-08-11 09:05:52,495 - services.mock_data - INFO - Ignore initialize data
2026-08-11 09:05:52,495 - services.auth - INFO - Ignore initialize admin
2026-08-11 09:05:52,495 - main - INFO - === Application startup completed successfully ===
2026-08-11 09:19:56,249 - services.database - DEBUG - [DB_OP] Starting database close
2026-08-11 09:19:56,249 - services.database - INFO - Database connections closed
2026-08-11 09:19:56,249 - services.database - DEBUG - [DB_OP] Database close completed in 0.0004s
2026-08-11 09:31:31,663 - main - INFO - === Logging system initialized ===
2026-08-11 09:31:31,663 - main - INFO - Log file: logs/app_20260811.log
2026-08-11 09:31:31,663 - main - INFO - Log level: DEBUG
2026-08-11 09:31:31,663 - main - INFO - Log date: 20260811
2026-08-11 09:31:32,035 - main - INFO - Included router: routers.aihub.router
2026-08-11 09:31:32,312 - main - INFO - Included router: routers.auth.router
2026-08-11 09:31:32,489 - main - INFO - Included router: routers.feedbacks.router
2026-08-11 09:31:32,513 - main - INFO - Included router: routers.health.router
2026-08-11 09:31:32,605 - main - INFO - Included router: routers.report_runs.router
2026-08-11 09:31:32,748 - main - INFO - Included router: routers.reports.router
2026-08-11 09:31:32,809 - main - INFO - Included router: routers.settings.router
2026-08-11 09:31:32,891 - main - INFO - Included router: routers.storage.router
2026-08-11 09:31:32,984 - main - INFO - Included router: routers.user.router
2026-08-11 09:31:33,149 - main - INFO - Included router: routers.visitor_logs.router
2026-08-11 09:31:33,150 - main - INFO - === Application startup initiated ===
2026-08-11 09:31:33,151 - services.database - INFO - Ignore database initialization
2026-08-11 09:31:33,151 - services.mock_data - INFO - Ignore initialize data
2026-08-11 09:31:33,151 - services.auth - INFO - Ignore initialize admin
2026-08-11 09:31:33,151 - main - INFO - === Application startup completed successfully ===
2026-08-11 09:32:19,069 - core.database - DEBUG - [DB_OP] Starting get_db session creation
2026-08-11 09:32:19,069 - core.database - WARNING - Database session maker not available, attempting lazy initialization...
2026-08-11 09:32:19,069 - core.database - WARNING - Database not initialized, attempting lazy initialization...
2026-08-11 09:32:19,069 - core.database - INFO - Starting database initialization...
2026-08-11 09:32:19,070 - core.config - DEBUG - Read dynamic attribute database_url from environment variable DATABASE_URL
2026-08-11 09:32:19,070 - core.database - INFO - Normalizing database URL for async compatibility...
2026-08-11 09:32:19,070 - core.database - INFO - Creating async database engine...
2026-08-11 09:32:19,071 - core.database - INFO - Using QueuePool with connection pooling for non-Lambda environment
2026-08-11 09:32:19,072 - core.database - INFO - Database engine created successfully
2026-08-11 09:32:19,072 - core.database - INFO - Creating async session maker...
2026-08-11 09:32:19,073 - core.database - INFO - Async session maker created successfully
2026-08-11 09:32:19,073 - core.database - INFO - Database connection initialized successfully
2026-08-11 09:32:19,073 - core.database - DEBUG - [DB_OP] Starting create_tables
2026-08-11 09:32:19,073 - core.database - INFO - 🔧 Starting table creation...
2026-08-11 09:32:19,079 - core.database - DEBUG - [DB_OP] Starting get_db session creation
2026-08-11 09:32:19,080 - core.database - DEBUG - [DB_OP] Database session created successfully in 0.0003s
2026-08-11 09:32:20,588 - core.database - INFO - Tables initialized successfully
2026-08-11 09:32:20,589 - core.database - DEBUG - [DB_OP] Create tables completed in 1.5159s
2026-08-11 09:32:20,652 - core.database - INFO - Lazy database initialization completed successfully
2026-08-11 09:32:20,652 - core.database - DEBUG - [DB_OP] Database session created successfully in 1.5834s
2026-08-11 09:32:20,848 - services.visitor_logs - INFO - Created visitor_logs with id: 26
2026-08-11 09:32:20,849 - core.database - DEBUG - [DB_OP] Database session cleanup after 1.7694s
2026-08-11 09:32:21,158 - core.database - DEBUG - [DB_OP] Database session cleanup after 2.0892s
