2026-08-15 00:38:36,561 - main - INFO - === Logging system initialized ===
2026-08-15 00:38:36,561 - main - INFO - Log file: logs/app_20260815.log
2026-08-15 00:38:36,561 - main - INFO - Log level: DEBUG
2026-08-15 00:38:36,562 - main - INFO - Log date: 20260815
2026-08-15 00:38:37,261 - main - INFO - Included router: routers.admin.router
2026-08-15 00:38:37,307 - main - INFO - Included router: routers.admin_users.router
2026-08-15 00:38:37,473 - main - INFO - Included router: routers.aihub.router
2026-08-15 00:38:37,626 - main - INFO - Included router: routers.auth.router
2026-08-15 00:38:37,674 - main - INFO - Included router: routers.crypto_wallets.router
2026-08-15 00:38:37,712 - main - INFO - Included router: routers.email_logs.router
2026-08-15 00:38:37,773 - main - INFO - Included router: routers.feedbacks.router
2026-08-15 00:38:37,817 - main - INFO - Included router: routers.health.router
2026-08-15 00:38:37,934 - main - INFO - Included router: routers.report_runs.router
2026-08-15 00:38:37,997 - main - INFO - Included router: routers.reports.router
2026-08-15 00:38:38,045 - main - INFO - Included router: routers.settings.router
2026-08-15 00:38:38,090 - main - INFO - Included router: routers.site_settings.router
2026-08-15 00:38:38,250 - main - INFO - Included router: routers.storage.router
2026-08-15 00:38:38,348 - main - INFO - Included router: routers.user.router
2026-08-15 00:38:38,409 - main - INFO - Included router: routers.visitor_logs.router
2026-08-15 00:38:38,411 - main - INFO - === Application startup initiated ===
2026-08-15 00:38:38,411 - services.database - INFO - Ignore database initialization
2026-08-15 00:38:38,411 - services.mock_data - INFO - Ignore initialize data
2026-08-15 00:38:38,412 - services.auth - INFO - Ignore initialize admin
2026-08-15 00:38:38,412 - main - INFO - === Application startup completed successfully ===
2026-08-15 01:14:01,980 - services.database - DEBUG - [DB_OP] Starting database close
2026-08-15 01:14:01,980 - services.database - INFO - Database connections closed
2026-08-15 01:14:01,980 - services.database - DEBUG - [DB_OP] Database close completed in 0.0004s
2026-08-15 01:30:20,064 - main - INFO - === Logging system initialized ===
2026-08-15 01:30:20,064 - main - INFO - Log file: logs/app_20260815.log
2026-08-15 01:30:20,064 - main - INFO - Log level: DEBUG
2026-08-15 01:30:20,064 - main - INFO - Log date: 20260815
2026-08-15 01:30:20,507 - main - INFO - Included router: routers.admin.router
2026-08-15 01:30:20,548 - main - INFO - Included router: routers.admin_users.router
2026-08-15 01:30:20,578 - main - INFO - Included router: routers.aihub.router
2026-08-15 01:30:20,593 - main - INFO - Included router: routers.auth.router
2026-08-15 01:30:20,638 - main - INFO - Included router: routers.crypto_wallets.router
2026-08-15 01:30:20,696 - main - INFO - Included router: routers.email_logs.router
2026-08-15 01:30:20,769 - main - INFO - Included router: routers.feedbacks.router
2026-08-15 01:30:20,772 - main - INFO - Included router: routers.health.router
2026-08-15 01:30:20,797 - main - INFO - Included router: routers.report_runs.router
2026-08-15 01:30:20,839 - main - INFO - Included router: routers.reports.router
2026-08-15 01:30:20,852 - main - INFO - Included router: routers.settings.router
2026-08-15 01:30:20,900 - main - INFO - Included router: routers.site_settings.router
2026-08-15 01:30:20,926 - main - INFO - Included router: routers.storage.router
2026-08-15 01:30:20,931 - main - INFO - Included router: routers.user.router
2026-08-15 01:30:20,950 - main - INFO - Included router: routers.visitor_logs.router
2026-08-15 01:30:20,951 - main - INFO - === Application startup initiated ===
2026-08-15 01:30:20,952 - services.database - INFO - Ignore database initialization
2026-08-15 01:30:20,952 - services.mock_data - INFO - Ignore initialize data
2026-08-15 01:30:20,952 - services.auth - INFO - Ignore initialize admin
2026-08-15 01:30:20,952 - main - INFO - === Application startup completed successfully ===
2026-08-15 01:44:49,531 - services.database - DEBUG - [DB_OP] Starting database close
2026-08-15 01:44:49,531 - services.database - INFO - Database connections closed
2026-08-15 01:44:49,531 - services.database - DEBUG - [DB_OP] Database close completed in 0.0005s
2026-08-15 01:53:37,052 - main - INFO - === Logging system initialized ===
2026-08-15 01:53:37,053 - main - INFO - Log file: logs/app_20260815.log
2026-08-15 01:53:37,053 - main - INFO - Log level: DEBUG
2026-08-15 01:53:37,053 - main - INFO - Log date: 20260815
2026-08-15 01:53:37,610 - main - INFO - Included router: routers.admin.router
2026-08-15 01:53:37,628 - main - INFO - Included router: routers.admin_users.router
2026-08-15 01:53:37,659 - main - INFO - Included router: routers.aihub.router
2026-08-15 01:53:37,674 - main - INFO - Included router: routers.auth.router
2026-08-15 01:53:37,693 - main - INFO - Included router: routers.crypto_wallets.router
2026-08-15 01:53:37,753 - main - INFO - Included router: routers.email_logs.router
2026-08-15 01:53:37,773 - main - INFO - Included router: routers.feedbacks.router
2026-08-15 01:53:37,776 - main - INFO - Included router: routers.health.router
2026-08-15 01:53:37,807 - main - INFO - Included router: routers.report_runs.router
2026-08-15 01:53:37,833 - main - INFO - Included router: routers.reports.router
2026-08-15 01:53:37,845 - main - INFO - Included router: routers.settings.router
2026-08-15 01:53:37,871 - main - INFO - Included router: routers.site_settings.router
2026-08-15 01:53:37,897 - main - INFO - Included router: routers.storage.router
2026-08-15 01:53:37,908 - main - INFO - Included router: routers.user.router
2026-08-15 01:53:37,930 - main - INFO - Included router: routers.visitor_logs.router
2026-08-15 01:53:37,931 - main - INFO - === Application startup initiated ===
2026-08-15 01:53:37,931 - services.database - INFO - Ignore database initialization
2026-08-15 01:53:37,931 - services.mock_data - INFO - Ignore initialize data
2026-08-15 01:53:37,931 - services.auth - INFO - Ignore initialize admin
2026-08-15 01:53:37,931 - main - INFO - === Application startup completed successfully ===
2026-08-15 02:13:50,147 - services.database - DEBUG - [DB_OP] Starting database close
2026-08-15 02:13:50,147 - services.database - INFO - Database connections closed
2026-08-15 02:13:50,147 - services.database - DEBUG - [DB_OP] Database close completed in 0.0005s
2026-08-15 03:12:59,552 - main - INFO - === Logging system initialized ===
2026-08-15 03:12:59,552 - main - INFO - Log file: logs/app_20260815.log
2026-08-15 03:12:59,552 - main - INFO - Log level: DEBUG
2026-08-15 03:12:59,552 - main - INFO - Log date: 20260815
2026-08-15 03:13:00,260 - main - INFO - Included router: routers.admin.router
2026-08-15 03:13:00,328 - main - INFO - Included router: routers.admin_users.router
2026-08-15 03:13:00,500 - main - INFO - Included router: routers.aihub.router
2026-08-15 03:13:00,638 - main - INFO - Included router: routers.auth.router
2026-08-15 03:13:00,711 - main - INFO - Included router: routers.crypto_wallets.router
2026-08-15 03:13:00,840 - main - INFO - Included router: routers.email_logs.router
2026-08-15 03:13:00,891 - main - INFO - Included router: routers.feedbacks.router
2026-08-15 03:13:00,969 - main - INFO - Included router: routers.health.router
2026-08-15 03:13:01,134 - main - INFO - Included router: routers.report_runs.router
2026-08-15 03:13:01,227 - main - INFO - Included router: routers.reports.router
2026-08-15 03:13:01,301 - main - INFO - Included router: routers.settings.router
2026-08-15 03:13:01,355 - main - INFO - Included router: routers.site_settings.router
2026-08-15 03:13:01,532 - main - INFO - Included router: routers.storage.router
2026-08-15 03:13:01,625 - main - INFO - Included router: routers.user.router
2026-08-15 03:13:01,687 - main - INFO - Included router: routers.visitor_logs.router
2026-08-15 03:13:01,688 - main - INFO - === Application startup initiated ===
2026-08-15 03:13:01,688 - services.database - INFO - Ignore database initialization
2026-08-15 03:13:01,689 - services.mock_data - INFO - Ignore initialize data
2026-08-15 03:13:01,689 - services.auth - INFO - Ignore initialize admin
2026-08-15 03:13:01,689 - main - INFO - === Application startup completed successfully ===
2026-08-15 03:30:32,165 - services.database - DEBUG - [DB_OP] Starting database close
2026-08-15 03:30:32,166 - services.database - INFO - Database connections closed
2026-08-15 03:30:32,166 - services.database - DEBUG - [DB_OP] Database close completed in 0.0010s
2026-08-15 03:43:02,983 - main - INFO - === Logging system initialized ===
2026-08-15 03:43:02,984 - main - INFO - Log file: logs/app_20260815.log
2026-08-15 03:43:02,984 - main - INFO - Log level: DEBUG
2026-08-15 03:43:02,984 - main - INFO - Log date: 20260815
2026-08-15 03:43:03,775 - main - INFO - Included router: routers.admin.router
2026-08-15 03:43:03,863 - main - INFO - Included router: routers.admin_users.router
2026-08-15 03:43:04,248 - main - INFO - Included router: routers.aihub.router
2026-08-15 03:43:04,453 - main - INFO - Included router: routers.auth.router
2026-08-15 03:43:04,489 - main - INFO - Included router: routers.crypto_wallets.router
2026-08-15 03:43:04,523 - main - INFO - Included router: routers.email_logs.router
2026-08-15 03:43:04,721 - main - INFO - Included router: routers.feedbacks.router
2026-08-15 03:43:04,797 - main - INFO - Included router: routers.health.router
2026-08-15 03:43:04,898 - main - INFO - Included router: routers.report_runs.router
2026-08-15 03:43:04,969 - main - INFO - Included router: routers.reports.router
2026-08-15 03:43:05,021 - main - INFO - Included router: routers.settings.router
2026-08-15 03:43:05,114 - main - INFO - Included router: routers.site_settings.router
2026-08-15 03:43:05,307 - main - INFO - Included router: routers.storage.router
2026-08-15 03:43:05,393 - main - INFO - Included router: routers.user.router
2026-08-15 03:43:05,435 - main - INFO - Included router: routers.visitor_logs.router
2026-08-15 03:43:05,437 - main - INFO - === Application startup initiated ===
2026-08-15 03:43:05,437 - services.database - INFO - Ignore database initialization
2026-08-15 03:43:05,437 - services.mock_data - INFO - Ignore initialize data
2026-08-15 03:43:05,437 - services.auth - INFO - Ignore initialize admin
2026-08-15 03:43:05,437 - main - INFO - === Application startup completed successfully ===
2026-08-15 03:52:42,549 - services.database - DEBUG - [DB_OP] Starting database close
2026-08-15 03:52:42,549 - services.database - INFO - Database connections closed
2026-08-15 03:52:42,549 - services.database - DEBUG - [DB_OP] Database close completed in 0.0006s
2026-08-15 11:19:35,821 - main - INFO - === Logging system initialized ===
2026-08-15 11:19:35,821 - main - INFO - Log file: logs/app_20260815.log
2026-08-15 11:19:35,821 - main - INFO - Log level: DEBUG
2026-08-15 11:19:35,821 - main - INFO - Log date: 20260815
2026-08-15 11:19:36,497 - main - INFO - Included router: routers.admin.router
2026-08-15 11:19:36,546 - main - INFO - Included router: routers.admin_users.router
2026-08-15 11:19:36,583 - main - INFO - Included router: routers.aihub.router
2026-08-15 11:19:36,599 - main - INFO - Included router: routers.auth.router
2026-08-15 11:19:36,685 - main - INFO - Included router: routers.crypto_wallets.router
2026-08-15 11:19:36,744 - main - INFO - Included router: routers.email_logs.router
2026-08-15 11:19:36,788 - main - INFO - Included router: routers.feedbacks.router
2026-08-15 11:19:36,791 - main - INFO - Included router: routers.health.router
2026-08-15 11:19:36,827 - main - INFO - Included router: routers.report_runs.router
2026-08-15 11:19:36,857 - main - INFO - Included router: routers.reports.router
2026-08-15 11:19:36,871 - main - INFO - Included router: routers.settings.router
2026-08-15 11:19:36,931 - main - INFO - Included router: routers.site_settings.router
2026-08-15 11:19:36,964 - main - INFO - Included router: routers.storage.router
2026-08-15 11:19:36,974 - main - INFO - Included router: routers.user.router
2026-08-15 11:19:36,996 - main - INFO - Included router: routers.visitor_logs.router
2026-08-15 11:19:36,999 - main - INFO - === Application startup initiated ===
2026-08-15 11:19:36,999 - services.database - INFO - Ignore database initialization
2026-08-15 11:19:36,999 - services.mock_data - INFO - Ignore initialize data
2026-08-15 11:19:36,999 - services.auth - INFO - Ignore initialize admin
2026-08-15 11:19:36,999 - main - INFO - === Application startup completed successfully ===
2026-08-15 11:34:10,592 - services.database - DEBUG - [DB_OP] Starting database close
2026-08-15 11:34:10,592 - services.database - INFO - Database connections closed
2026-08-15 11:34:10,593 - services.database - DEBUG - [DB_OP] Database close completed in 0.0007s
2026-08-15 22:33:02,795 - main - INFO - === Logging system initialized ===
2026-08-15 22:33:02,795 - main - INFO - Log file: logs/app_20260815.log
2026-08-15 22:33:02,795 - main - INFO - Log level: DEBUG
2026-08-15 22:33:02,795 - main - INFO - Log date: 20260815
2026-08-15 22:33:03,031 - main - INFO - Included router: routers.admin.router
2026-08-15 22:33:03,057 - main - INFO - Included router: routers.admin_users.router
2026-08-15 22:33:03,096 - main - INFO - Included router: routers.aihub.router
2026-08-15 22:33:03,122 - main - INFO - Included router: routers.auth.router
2026-08-15 22:33:03,147 - main - INFO - Included router: routers.crypto_wallets.router
2026-08-15 22:33:03,171 - main - INFO - Included router: routers.email_logs.router
2026-08-15 22:33:03,194 - main - INFO - Included router: routers.feedbacks.router
2026-08-15 22:33:03,197 - main - INFO - Included router: routers.health.router
2026-08-15 22:33:03,231 - main - INFO - Included router: routers.report_runs.router
2026-08-15 22:33:03,244 - main - INFO - Included router: routers.reports.router
2026-08-15 22:33:03,256 - main - INFO - Included router: routers.settings.router
2026-08-15 22:33:03,280 - main - INFO - Included router: routers.site_settings.router
2026-08-15 22:33:03,312 - main - INFO - Included router: routers.storage.router
2026-08-15 22:33:03,320 - main - INFO - Included router: routers.user.router
2026-08-15 22:33:03,346 - main - INFO - Included router: routers.visitor_logs.router
2026-08-15 22:33:03,348 - main - INFO - === Application startup initiated ===
2026-08-15 22:33:03,348 - services.database - INFO - Ignore database initialization
2026-08-15 22:33:03,348 - services.mock_data - INFO - Ignore initialize data
2026-08-15 22:33:03,348 - services.auth - INFO - Ignore initialize admin
2026-08-15 22:33:03,348 - main - INFO - === Application startup completed successfully ===
